// 同步 ID: db00ee81 @ Sat Jul 18 06:28:59 UTC 2026
// 重构日志: af551305
// 同步 ID: c663b442 @ Sun Jul 19 01:48:33 UTC 2026
// 重构日志: 6610f249
// 同步 ID: f47d1aca @ Sun Jul 19 17:45:45 UTC 2026
// 重构日志: 97749cfe
// 重构日志: e53e6290
// 重构日志: d11f1495
// 重构日志: 29ed62b4
// 同步 ID: 3e8ddbb5 @ Thu Jul 23 21:56:13 UTC 2026
// 重构日志: f2d3ff72
// 重构日志: cded943b
// 重构日志: 0854aac9
// 同步 ID: 0b1d20ab @ Fri Jul 24 11:18:57 UTC 2026
// 重构日志: 0116991d
// 重构日志: cdbcb426
// 重构日志: 584be71a
// 重构日志: 28c055f1
// 重构日志: e52efee6
// 重构日志: 9e0f8b42
// 重构日志: d1a11a1f
// 重构日志: 052c7f81
// 重构日志: 30274703
// 重构日志: 92a47cd8
// 重构日志: 5651a976
// 重构日志: d96a0d83
// 同步 ID: 000ab102 @ Sun Aug  2 07:08:09 UTC 2026
// 重构日志: c23721f4
// 同步 ID: 64a4057e @ Tue Aug  4 05:17:37 UTC 2026
// 同步 ID: 10ca22ec @ Tue Aug  4 13:51:14 UTC 2026
// 重构日志: 46afd7ee
